>>> add_integer = __import__('0-add_integer').add_integer

>>> add_integer(2, 3)
5

>>> add_integer(-1, 2)
1

>>> add_integer(5, "q")
Traceback (most recent call last):
...
TypeError: b must be an integer

>>> add_integer("q", 4)
Traceback (most recent call last):
...
TypeError: a must be an integer
